
Running 2 tests using 1 worker

>> DEBUG REQ: GET http://localhost:3000/api/auth/me
>> DEBUG REQ: GET http://localhost:3000/api/user/ai-usage
>> DEBUG REQ: GET http://localhost:3000/api/jars/list
>> DEBUG REQ: GET http://localhost:3000/api/jars/list
>> DEBUG REQ: GET http://localhost:3000/api/auth/me
>> DEBUG REQ: GET http://localhost:3000/api/auth/session
<< DEBUG RES: 200 http://localhost:3000/api/auth/me
<< DEBUG RES: 200 http://localhost:3000/api/user/ai-usage
<< DEBUG RES: 200 http://localhost:3000/api/jars/list
<< DEBUG RES: 200 http://localhost:3000/api/jars/list
>> DEBUG REQ: GET http://localhost:3000/api/ideas
>> DEBUG REQ: GET http://localhost:3000/api/favorites
<< DEBUG RES: 200 http://localhost:3000/api/auth/me
<< DEBUG RES: 200 http://localhost:3000/api/auth/session
>> DEBUG REQ: GET http://localhost:3000/api/auth/session
<< DEBUG RES: 200 http://localhost:3000/api/ideas
<< DEBUG RES: 200 http://localhost:3000/api/favorites
<< DEBUG RES: 200 http://localhost:3000/api/auth/session
>> DEBUG REQ: POST http://localhost:3000/api/favorites
<< DEBUG RES: 200 http://localhost:3000/api/favorites
>> DEBUG REQ: GET http://localhost:3000/api/favorites
<< DEBUG RES: 200 http://localhost:3000/api/favorites
>> DEBUG REQ: GET http://localhost:3000/api/ideas
<< DEBUG RES: 200 http://localhost:3000/api/ideas
  Ô£ÿ  1 [chromium] ÔÇ║ tests\e2e\favorites.spec.ts:139:9 ÔÇ║ Favorites System ÔÇ║ should favorite an idea from Jar view (9.0s)
>> DEBUG REQ: GET http://localhost:3000/api/auth/me
>> DEBUG REQ: GET http://localhost:3000/api/auth/session
<< DEBUG RES: 200 http://localhost:3000/api/auth/me
<< DEBUG RES: 200 http://localhost:3000/api/auth/session
>> DEBUG REQ: GET http://localhost:3000/api/auth/me
>> DEBUG REQ: GET http://localhost:3000/api/user/ai-usage
>> DEBUG REQ: GET http://localhost:3000/api/auth/session
<< DEBUG RES: 200 http://localhost:3000/api/auth/me
<< DEBUG RES: 200 http://localhost:3000/api/user/ai-usage
<< DEBUG RES: 200 http://localhost:3000/api/auth/session
>> DEBUG REQ: GET http://localhost:3000/api/ideas
>> DEBUG REQ: GET http://localhost:3000/api/favorites
<< DEBUG RES: 200 http://localhost:3000/api/ideas
<< DEBUG RES: 200 http://localhost:3000/api/favorites
>> DEBUG REQ: GET http://localhost:3000/api/favorites
>> DEBUG REQ: GET http://localhost:3000/api/favorites
<< DEBUG RES: 200 http://localhost:3000/api/favorites
<< DEBUG RES: 200 http://localhost:3000/api/favorites
>> DEBUG REQ: DELETE http://localhost:3000/api/favorites/fav-1
<< DEBUG RES: 200 http://localhost:3000/api/favorites/fav-1
  Ô£ô  2 [chromium] ÔÇ║ tests\e2e\favorites.spec.ts:162:9 ÔÇ║ Favorites System ÔÇ║ should manage favorites from Dashboard modal (6.8s)


  1) [chromium] ÔÇ║ tests\e2e\favorites.spec.ts:139:9 ÔÇ║ Favorites System ÔÇ║ should favorite an idea from Jar view 

    Error: [2mexpect([22m[31mlocator[39m[2m).[22mtoHaveAttribute[2m([22m[32mexpected[39m[2m)[22m failed

    Locator:  locator('.glass-card').filter({ hasText: 'Great Pizza Place' }).first().locator('button[title="Add to Favorites"]')
    Expected: [32m"[7mRemove from[27m Favorites"[39m
    Received: [31m"[7mAdd to[27m Favorites"[39m
    Timeout:  5000ms

    Call log:
    [2m  - Expect "toHaveAttribute" with timeout 5000ms[22m
    [2m  - waiting for locator('.glass-card').filter({ hasText: 'Great Pizza Place' }).first().locator('button[title="Add to Favorites"]')[22m
    [2m    9 ├ù locator resolved to <button title="Add to Favorites" class="p-2 rounded-full transition-all shadow-sm bg-slate-100 dark:bg-black/40 text-slate-500 dark:text-slate-400 hover:text-pink-400 hover:bg-pink-50 dark:hover:bg-pink-500/10">ÔÇª</button>[22m
    [2m      - unexpected value "Add to Favorites"[22m


      157 |
      158 |         await page.waitForTimeout(1000);
    > 159 |         await expect(heartBtn).toHaveAttribute('title', 'Remove from Favorites');
          |                                ^
      160 |     });
      161 |
      162 |     test('should manage favorites from Dashboard modal', async ({ page }) => {
        at C:\Users\graem\.gemini\antigravity\scratch\decision-jar\tests\e2e\favorites.spec.ts:159:32

    Error Context: test-results\favorites-Favorites-System-3e711-orite-an-idea-from-Jar-view-chromium\error-context.md

  1 failed
    [chromium] ÔÇ║ tests\e2e\favorites.spec.ts:139:9 ÔÇ║ Favorites System ÔÇ║ should favorite an idea from Jar view 
  1 passed (21.2s)
